Microchip MPLAB XC8 Compiler V2.32

Linker command line:

-W-3 --edf=C:\Program Files\Microchip\xc8\v2.32\pic\dat\en_msgs.txt -cn \
  -h+dist/default/production\Smartwatch.X.production.sym \
  --cmf=dist/default/production\Smartwatch.X.production.cmf -z -Q18F4520 \
  -oC:\Users\danie\AppData\Local\Temp\xcAs3lk.4 --defsym=__MPLAB_BUILD=1 \
  -Mdist/default/production/Smartwatch.X.production.map -E1 \
  -ver=XC8 Compiler --acfsm=1493 -ASTACK=0B0h-05FFh -pstack=STACK \
  -ACODE=00h-07FFFh -ACONST=00h-07FFFh -ASMALLCONST=0600h-06FFhx122 \
  -AMEDIUMCONST=0600h-07FFFh -ACOMRAM=01h-07Fh -AABS1=00h-05FFh \
  -ABIGRAM=01h-05FFh -ARAM=080h-0FFh,0100h-01FFhx5 -ABANK0=080h-0FFh \
  -ABANK1=0100h-01FFh -ABANK2=0200h-02FFh -ABANK3=0300h-03FFh \
  -ABANK4=0400h-04FFh -ABANK5=0500h-05FFh -ASFR=0F80h-0FFFh \
  -ACONFIG=0300000h-030000Dh -AIDLOC=0200000h-0200007h \
  -AEEDATA=0F00000h-0F000FFh -peeprom_data=EEDATA \
  -preset_vec=00h,intcode,intcodelo,powerup,init -pramtop=0600h \
  -psmallconst=SMALLCONST -pmediumconst=MEDIUMCONST -pconst=CONST \
  -AFARRAM=00h-00h \
  -prdata=COMRAM,nvrram=COMRAM,nvbit=COMRAM,rbss=COMRAM,rbit=COMRAM \
  -pfarbss=FARRAM,fardata=FARRAM,nvFARRAM=FARRAM \
  -pintsave_regs=BIGRAM,bigbss=BIGRAM,bigdata=BIGRAM -pbss=RAM \
  -pidata=CODE,irdata=CODE,ibigdata=CODE,ifardata=CODE -prparam=COMRAM \
  C:\Users\danie\AppData\Local\Temp\xcAs3lk.o \
  dist/default/production\Smartwatch.X.production.o 

Object code version is 3.11

Machine type is 18F4520



                Name                               Link     Load   Length Selector   Space Scale
C:\Users\danie\AppData\Local\Temp\xcAs3lk.o
                idloc                            200000   200000        8        0       5
                config                           300000   300000        E        0       4
                init                                  0        0        4        0       0
dist/default/production\Smartwatch.X.production.o
                idloc                            200000   200000        8        0       5
                config                           300000   300000        E        0       4
                mediumconst                        7DC4     7DC4      23C     3EE2       0
                text70                             63AC     63AC       B0     31D6       0
                text69                             5FA0     5FA0       64     2FD0       0
                text68                             6288     6288       8E     3144       0
                text67                             6316     6316       96     318B       0
                text66                             58CC     58CC       30     2C66       0
                text65                             5674     5674        2     2B3A       0
                text64                             74CA     74CA      24E     3A65       0
                text63                             5AEC     5AEC       42     2D76       0
                text62                             57F6     57F6       2A     2BFB       0
                text61                             5820     5820       2A     2C10       0
                text60                             5C44     5C44       4E     2E22       0
                text59                             5E8A     5E8A       5A     2F45       0
                text58                             56FE     56FE       1E     2B7F       0
                text57                             5A36     5A36       3A     2D1B       0
                text56                             5990     5990       36     2CC8       0
                text55                             571C     571C       1E     2B8E       0
                text54                             5D86     5D86       56     2EC3       0
                text53                             645C     645C       B0     322E       0
                text52                             56B4     56B4       16     2B5A       0
                text51                             5C92     5C92       50     2E49       0
                text50                             6A32     6A32      11A     3519       0
                text49                             61A0     61A0       74     30D0       0
                text48                             6F14     6F14      16E     378A       0
                text47                             6214     6214       74     310A       0
                text46                             575C     575C       26     2BAE       0
                text45                             6134     6134       6C     309A       0
                text44                             56CA     56CA       1A     2B65       0
                text43                             6004     6004       64     3002       0
                text42                             6B4C     6B4C      128     35A6       0
                text41                             6672     6672       C4     3339       0
                text40                             6924     6924      10E     3492       0
                text39                             5CE2     5CE2       50     2E71       0
                text38                             6068     6068       64     3034       0
                text37                             5B2E     5B2E       42     2D97       0
                text36                             5676     5676        2     2B3B       0
                text35                             7718     7718      24E     3B8C       0
                text34                             584A     584A       2A     2C25       0
                text33                             6DAA     6DAA      16A     36D5       0
                text32                             59C6     59C6       38     2CE3       0
                text31                             59FE     59FE       38     2CFF       0
                text30                             592C     592C       32     2C96       0
                text29                             5874     5874       2A     2C3A       0
                text28                             589E     589E       2E     2C4F       0
                text27                             5E32     5E32       58     2F19       0
                text26                             5D32     5D32       54     2E99       0
                text25                             5B70     5B70       46     2DB8       0
                text24                             5F40     5F40       60     2FA0       0
                text23                             5BB6     5BB6       46     2DDB       0
                text22                             7966     7966      45E     3CB3       0
                text21                             650C     650C       B2     3286       0
                text20                             6736     6736       E2     339B       0
                text19                             5EE4     5EE4       5C     2F72       0
                text18                             7082     7082      224     3841       0
                text17                             57CE     57CE       28     2BE7       0
                text16                             5BFC     5BFC       48     2DFE       0
                text15                             6C74     6C74      136     363A       0
                text14                             5A70     5A70       3E     2D38       0
                text13                             595E     595E       32     2CAF       0
                text12                             5686     5686        A     2B43       0
                text11                             5782     5782       26     2BC1       0
                text10                             65BE     65BE       B4     32DF       0
                text9                              6818     6818      10C     340C       0
                text8                              57A8     57A8       26     2BD4       0
                text7                              56E4     56E4       1A     2B72       0
                text6                              5AAE     5AAE       3E     2D57       0
                text5                              56A0     56A0       14     2B50       0
                text4                              567E     567E        8     2B3F       0
                text3                              573A     573A       22     2B9D       0
                text2                              5690     5690       10     2B48       0
                text1                              60CC     60CC       68     3066       0
                text0                              72A6     72A6      224     3953       0
                cstackCOMRAM                          1        1       45        1       1
                dataBANK0                            80       80       30       80       1
                dataCOMRAM                           77       77        5        1       1
                bssCOMRAM                            46       46       31        1       1
                cinit                              5DDC     5DDC       56     2EEE       0
                idataBANK0                         58FC     58FC       30     58FC       0
                idataCOMRAM                        5679     5679        5     5679       0

TOTAL           Name                               Link     Load   Length     Space
        CLASS   STACK          

        CLASS   CODE           
                init                                  0        0        4         0
                text70                             63AC     63AC       B0         0
                text69                             5FA0     5FA0       64         0
                text68                             6288     6288       8E         0
                text67                             6316     6316       96         0
                text66                             58CC     58CC       30         0
                text65                             5674     5674        2         0
                text64                             74CA     74CA      24E         0
                text63                             5AEC     5AEC       42         0
                text62                             57F6     57F6       2A         0
                text61                             5820     5820       2A         0
                text60                             5C44     5C44       4E         0
                text59                             5E8A     5E8A       5A         0
                text58                             56FE     56FE       1E         0
                text57                             5A36     5A36       3A         0
                text56                             5990     5990       36         0
                text55                             571C     571C       1E         0
                text54                             5D86     5D86       56         0
                text53                             645C     645C       B0         0
                text52                             56B4     56B4       16         0
                text51                             5C92     5C92       50         0
                text50                             6A32     6A32      11A         0
                text49                             61A0     61A0       74         0
                text48                             6F14     6F14      16E         0
                text47                             6214     6214       74         0
                text46                             575C     575C       26         0
                text45                             6134     6134       6C         0
                text44                             56CA     56CA       1A         0
                text43                             6004     6004       64         0
                text42                             6B4C     6B4C      128         0
                text41                             6672     6672       C4         0
                text40                             6924     6924      10E         0
                text39                             5CE2     5CE2       50         0
                text38                             6068     6068       64         0
                text37                             5B2E     5B2E       42         0
                text36                             5676     5676        2         0
                text35                             7718     7718      24E         0
                text34                             584A     584A       2A         0
                text33                             6DAA     6DAA      16A         0
                text32                             59C6     59C6       38         0
                text31                             59FE     59FE       38         0
                text30                             592C     592C       32         0
                text29                             5874     5874       2A         0
                text28                             589E     589E       2E         0
                text27                             5E32     5E32       58         0
                text26                             5D32     5D32       54         0
                text25                             5B70     5B70       46         0
                text24                             5F40     5F40       60         0
                text23                             5BB6     5BB6       46         0
                text22                             7966     7966      45E         0
                text21                             650C     650C       B2         0
                text20                             6736     6736       E2         0
                text19                             5EE4     5EE4       5C         0
                text18                             7082     7082      224         0
                text17                             57CE     57CE       28         0
                text16                             5BFC     5BFC       48         0
                text15                             6C74     6C74      136         0
                text14                             5A70     5A70       3E         0
                text13                             595E     595E       32         0
                text12                             5686     5686        A         0
                text11                             5782     5782       26         0
                text10                             65BE     65BE       B4         0
                text9                              6818     6818      10C         0
                text8                              57A8     57A8       26         0
                text7                              56E4     56E4       1A         0
                text6                              5AAE     5AAE       3E         0
                text5                              56A0     56A0       14         0
                text4                              567E     567E        8         0
                text3                              573A     573A       22         0
                text2                              5690     5690       10         0
                text1                              60CC     60CC       68         0
                text0                              72A6     72A6      224         0
                cinit                              5DDC     5DDC       56         0
                idataBANK0                         58FC     58FC       30         0
                idataCOMRAM                        5679     5679        5         0

        CLASS   CONST          

        CLASS   SMALLCONST     

        CLASS   MEDIUMCONST    
                mediumconst                        7DC4     7DC4      23C         0

        CLASS   COMRAM         
                cstackCOMRAM                          1        1       45         1
                dataCOMRAM                           77       77        5         1
                bssCOMRAM                            46       46       31         1

        CLASS   ABS1           

        CLASS   BIGRAM         

        CLASS   RAM            

        CLASS   BANK0          
                dataBANK0                            80       80       30         1

        CLASS   BANK1          

        CLASS   BANK2          

        CLASS   BANK3          

        CLASS   BANK4          

        CLASS   BANK5          

        CLASS   SFR            

        CLASS   CONFIG         
                config                           300000   300000        E         4

        CLASS   IDLOC          
                idloc                            200000   200000        8         5

        CLASS   EEDATA         

        CLASS   FARRAM         



SEGMENTS        Name                           Load    Length   Top    Selector   Space  Class

                reset_vec                      000000  000004  000004         0       0  CODE    
                cstackCOMRAM                   000001  00007B  00007C         1       1  COMRAM  
                dataBANK0                      000080  000030  0000B0        80       1  BANK0   
                text65                         005674  000002  005676      2B3A       0  CODE    
                text36                         005676  000002  005678      2B3B       0  CODE    
                idataCOMRAM                    005679  000005  00567E      5679       0  CODE    
                text4                          00567E  000008  005686      2B3F       0  CODE    
                text12                         005686  00000A  005690      2B43       0  CODE    
                text2                          005690  000010  0056A0      2B48       0  CODE    
                text5                          0056A0  000014  0056B4      2B50       0  CODE    
                text52                         0056B4  000016  0056CA      2B5A       0  CODE    
                text44                         0056CA  00001A  0056E4      2B65       0  CODE    
                text7                          0056E4  00001A  0056FE      2B72       0  CODE    
                text58                         0056FE  00001E  00571C      2B7F       0  CODE    
                text55                         00571C  00001E  00573A      2B8E       0  CODE    
                text3                          00573A  000022  00575C      2B9D       0  CODE    
                text46                         00575C  000026  005782      2BAE       0  CODE    
                text11                         005782  000026  0057A8      2BC1       0  CODE    
                text8                          0057A8  000026  0057CE      2BD4       0  CODE    
                text17                         0057CE  000028  0057F6      2BE7       0  CODE    
                text62                         0057F6  00002A  005820      2BFB       0  CODE    
                text61                         005820  00002A  00584A      2C10       0  CODE    
                text34                         00584A  00002A  005874      2C25       0  CODE    
                text29                         005874  00002A  00589E      2C3A       0  CODE    
                text28                         00589E  00002E  0058CC      2C4F       0  CODE    
                text66                         0058CC  000030  0058FC      2C66       0  CODE    
                idataBANK0                     0058FC  000030  00592C      58FC       0  CODE    
                text30                         00592C  000032  00595E      2C96       0  CODE    
                text13                         00595E  000032  005990      2CAF       0  CODE    
                text56                         005990  000036  0059C6      2CC8       0  CODE    
                text32                         0059C6  000038  0059FE      2CE3       0  CODE    
                text31                         0059FE  000038  005A36      2CFF       0  CODE    
                text57                         005A36  00003A  005A70      2D1B       0  CODE    
                text14                         005A70  00003E  005AAE      2D38       0  CODE    
                text6                          005AAE  00003E  005AEC      2D57       0  CODE    
                text63                         005AEC  000042  005B2E      2D76       0  CODE    
                text37                         005B2E  000042  005B70      2D97       0  CODE    
                text25                         005B70  000046  005BB6      2DB8       0  CODE    
                text23                         005BB6  000046  005BFC      2DDB       0  CODE    
                text16                         005BFC  000048  005C44      2DFE       0  CODE    
                text60                         005C44  00004E  005C92      2E22       0  CODE    
                text51                         005C92  000050  005CE2      2E49       0  CODE    
                text39                         005CE2  000050  005D32      2E71       0  CODE    
                text26                         005D32  000054  005D86      2E99       0  CODE    
                text54                         005D86  000056  005DDC      2EC3       0  CODE    
                cinit                          005DDC  000056  005E32      2EEE       0  CODE    
                text27                         005E32  000058  005E8A      2F19       0  CODE    
                text59                         005E8A  00005A  005EE4      2F45       0  CODE    
                text19                         005EE4  00005C  005F40      2F72       0  CODE    
                text24                         005F40  000060  005FA0      2FA0       0  CODE    
                text69                         005FA0  000064  006004      2FD0       0  CODE    
                text43                         006004  000064  006068      3002       0  CODE    
                text38                         006068  000064  0060CC      3034       0  CODE    
                text1                          0060CC  000068  006134      3066       0  CODE    
                text45                         006134  00006C  0061A0      309A       0  CODE    
                text49                         0061A0  000074  006214      30D0       0  CODE    
                text47                         006214  000074  006288      310A       0  CODE    
                text68                         006288  00008E  006316      3144       0  CODE    
                text67                         006316  000096  0063AC      318B       0  CODE    
                text70                         0063AC  0000B0  00645C      31D6       0  CODE    
                text53                         00645C  0000B0  00650C      322E       0  CODE    
                text21                         00650C  0000B2  0065BE      3286       0  CODE    
                text10                         0065BE  0000B4  006672      32DF       0  CODE    
                text41                         006672  0000C4  006736      3339       0  CODE    
                text20                         006736  0000E2  006818      339B       0  CODE    
                text9                          006818  00010C  006924      340C       0  CODE    
                text40                         006924  00010E  006A32      3492       0  CODE    
                text50                         006A32  00011A  006B4C      3519       0  CODE    
                text42                         006B4C  000128  006C74      35A6       0  CODE    
                text15                         006C74  000136  006DAA      363A       0  CODE    
                text33                         006DAA  00016A  006F14      36D5       0  CODE    
                text48                         006F14  00016E  007082      378A       0  CODE    
                text18                         007082  000224  0072A6      3841       0  CODE    
                text0                          0072A6  000224  0074CA      3953       0  CODE    
                text64                         0074CA  00024E  007718      3A65       0  CODE    
                text35                         007718  00024E  007966      3B8C       0  CODE    
                text22                         007966  00045E  007DC4      3CB3       0  CODE    
                mediumconst                    007DC4  00023C  008000      3EE2       0  MEDIUMCO


UNUSED ADDRESS RANGES

        Name                Unused          Largest block    Delta
        BANK0            0000B0-0000FF               50
        BANK1            000100-0001FF              100
        BANK2            000200-0002FF              100
        BANK3            000300-0003FF              100
        BANK4            000400-0004FF              100
        BANK5            000500-0005FF              100
        BIGRAM           00007C-00007F                4
                         0000B0-0005FF              550
        CODE             000004-005673             5670
                         005678-005678                1
        COMRAM           00007C-00007F                4
        CONST            000004-005673             5670
                         005678-005678                1
        EEDATA           F00000-F000FF              100
        MEDIUMCONST      000600-005673             5074
                         005678-005678                1
        RAM              0000B0-0005FF              100
        SFR              000F80-000FFF               80
        SMALLCONST       000600-005673              100
                         005678-005678                1
        STACK            0000B0-0005FF              550

                                  Symbol Table

?_LeSerial               cstackCOMRAM 00002B
?___aldiv                cstackCOMRAM 000001
?___awdiv                cstackCOMRAM 000013
?___awmod                cstackCOMRAM 000025
?___lwdiv                cstackCOMRAM 000001
?___lwmod                cstackCOMRAM 000008
?___wmul                 cstackCOMRAM 00001B
?_adcRead                cstackCOMRAM 000001
?_bcd2dec                cstackCOMRAM 000021
?_digitalRead            cstackCOMRAM 000001
?_dsReadData             cstackCOMRAM 00000E
?_kpRead                 cstackCOMRAM 000001
Cronometro@anterior      cstackCOMRAM 00002B
IMC@aux                  cstackCOMRAM 000032
IMC@imc                  cstackCOMRAM 000033
LeInfo@aux               cstackCOMRAM 000016
LeInfo@i                 cstackCOMRAM 000015
LeInfo@palavra           cstackCOMRAM 000013
LeSerial@Atual           cstackCOMRAM 00002F
LeSerial@tempo           cstackCOMRAM 00002B
LeSerial@tmp             cstackCOMRAM 000030
LogoUnifei@F2429         dataBANK0    000080
LogoUnifei@i             cstackCOMRAM 00003F
LogoUnifei@logo          cstackCOMRAM 00000F
Telas@anterior           cstackCOMRAM 000037
Telas@valor              cstackCOMRAM 000038
Temperatura@aux          cstackCOMRAM 000032
_ADCON0                  (abs)        000FC2
_ADCON1                  (abs)        000FC1
_ADCON2                  (abs)        000FC0
_ADRESH                  (abs)        000FC4
_ADRESL                  (abs)        000FC3
_Bemvindo                text48       006F14
_CCP2CON                 (abs)        000FBA
_CCPR2L                  (abs)        000FBB
_Cronometro              text40       006924
_Finalizando             text43       006004
_I2C_delay               text36       005676
_IMC                     text50       006A32
_INTCON                  (abs)        000FF2
_LeInfo                  text49       0061A0
_LeSerial                text67       006316
_Limpa                   text56       005990
_LogoUnifei              text42       006B4C
_PIR1bits                (abs)        000F9E
_PORTA                   (abs)        000F80
_PORTB                   (abs)        000F81
_PORTC                   (abs)        000F82
_PORTD                   (abs)        000F83
_PORTE                   (abs)        000F84
_PR2                     (abs)        000FCB
_PulseClockData          text62       0057F6
_PulseEnClock            text61       005820
_RCREG                   (abs)        000FAE
_RCSTAbits               (abs)        000FAB
_SPBRG                   (abs)        000FAF
_T0CON                   (abs)        000FD5
_T2CON                   (abs)        000FCA
_TMR0H                   (abs)        000FD7
_TMR0L                   (abs)        000FD6
_TRISA                   (abs)        000F92
_TRISB                   (abs)        000F93
_TRISC                   (abs)        000F94
_TRISD                   (abs)        000F95
_TRISE                   (abs)        000F96
_TXREG                   (abs)        000FAD
_TXSTAbits               (abs)        000FAC
_Telas                   text18       007082
_Temperatura             text17       0057CE
__HRAM                   (abs)        000000
__Habs1                  abs1         000000
__Hbank0                 bank0        000000
__Hbank1                 bank1        000000
__Hbank2                 bank2        000000
__Hbank3                 bank3        000000
__Hbank4                 bank4        000000
__Hbank5                 bank5        000000
__Hbigbss                bigbss       000000
__Hbigdata               bigdata      000000
__Hbigram                bigram       000000
__Hbss                   bss          000000
__HbssCOMRAM             bssCOMRAM    000000
__Hcinit                 cinit        000000
__Hclrtext               clrtext      000000
__Hcomram                comram       000000
__Hconfig                config       30000E
__Hconst                 const        000000
__HcstackCOMRAM          cstackCOMRAM 000000
__Hdata                  data         000000
__HdataBANK0             dataBANK0    000000
__HdataCOMRAM            dataCOMRAM   000000
__Heeprom_data           eeprom_data  000000
__Hfarbss                farbss       000000
__Hfardata               fardata      000000
__Hibigdata              ibigdata     000000
__Hidata                 idata        000000
__HidataBANK0            idataBANK0   000000
__HidataCOMRAM           idataCOMRAM  000000
__Hidloc                 idloc        200008
__Hifardata              ifardata     000000
__Hinit                  init         000004
__Hintcode               intcode      000000
__Hintcode_body          intcode_body 000000
__Hintcodelo             intcodelo    000000
__Hintentry              intentry     000000
__Hintret                intret       000000
__Hintsave_regs          intsave_regs 000000
__Hirdata                irdata       000000
__Hmediumconst           mediumconst  008000
__HnvFARRAM              nvFARRAM     000000
__Hnvbit                 nvbit        000000
__Hnvrram                nvrram       000000
__Hparam                 rparam       000000
__Hpowerup               powerup      000000
__Hram                   ram          000000
__Hramtop                ramtop       000600
__Hrbit                  rbit         000000
__Hrbss                  rbss         000000
__Hrdata                 rdata        000000
__Hreset_vec             reset_vec    000000
__Hrparam                rparam       000000
__Hsfr                   sfr          000000
__Hsmallconst            smallconst   000000
__Hspace_0               (abs)        008000
__Hspace_1               (abs)        0000B0
__Hspace_2               (abs)        000000
__Hspace_4               (abs)        60000E
__Hstack                 stack        000000
__Hstruct                struct       000000
__Htemp                  temp         000000
__Htext                  text         000000
__Htext0                 text0        000000
__Htext1                 text1        000000
__Htext10                text10       000000
__Htext11                text11       000000
__Htext12                text12       000000
__Htext13                text13       000000
__Htext14                text14       000000
__Htext15                text15       000000
__Htext16                text16       000000
__Htext17                text17       000000
__Htext18                text18       000000
__Htext19                text19       000000
__Htext2                 text2        000000
__Htext20                text20       000000
__Htext21                text21       000000
__Htext22                text22       000000
__Htext23                text23       000000
__Htext24                text24       000000
__Htext25                text25       000000
__Htext26                text26       000000
__Htext27                text27       000000
__Htext28                text28       000000
__Htext29                text29       000000
__Htext3                 text3        000000
__Htext30                text30       000000
__Htext31                text31       000000
__Htext32                text32       000000
__Htext33                text33       000000
__Htext34                text34       000000
__Htext35                text35       000000
__Htext36                text36       000000
__Htext37                text37       000000
__Htext38                text38       000000
__Htext39                text39       000000
__Htext4                 text4        000000
__Htext40                text40       000000
__Htext41                text41       000000
__Htext42                text42       000000
__Htext43                text43       000000
__Htext44                text44       000000
__Htext45                text45       000000
__Htext46                text46       000000
__Htext47                text47       000000
__Htext48                text48       000000
__Htext49                text49       000000
__Htext5                 text5        000000
__Htext50                text50       000000
__Htext51                text51       000000
__Htext52                text52       000000
__Htext53                text53       000000
__Htext54                text54       000000
__Htext55                text55       000000
__Htext56                text56       000000
__Htext57                text57       000000
__Htext58                text58       000000
__Htext59                text59       000000
__Htext6                 text6        000000
__Htext60                text60       000000
__Htext61                text61       000000
__Htext62                text62       000000
__Htext63                text63       000000
__Htext64                text64       000000
__Htext65                text65       000000
__Htext66                text66       000000
__Htext67                text67       000000
__Htext68                text68       000000
__Htext69                text69       000000
__Htext7                 text7        000000
__Htext70                text70       000000
__Htext8                 text8        000000
__Htext9                 text9        000000
__LRAM                   (abs)        000001
__Labs1                  abs1         000000
__Lbank0                 bank0        000000
__Lbank1                 bank1        000000
__Lbank2                 bank2        000000
__Lbank3                 bank3        000000
__Lbank4                 bank4        000000
__Lbank5                 bank5        000000
__Lbigbss                bigbss       000000
__Lbigdata               bigdata      000000
__Lbigram                bigram       000000
__Lbss                   bss          000000
__LbssCOMRAM             bssCOMRAM    000000
__Lcinit                 cinit        000000
__Lclrtext               clrtext      000000
__Lcomram                comram       000000
__Lconfig                config       000000
__Lconst                 const        000000
__LcstackCOMRAM          cstackCOMRAM 000000
__Ldata                  data         000000
__LdataBANK0             dataBANK0    000000
__LdataCOMRAM            dataCOMRAM   000000
__Leeprom_data           eeprom_data  000000
__Lfarbss                farbss       000000
__Lfardata               fardata      000000
__Libigdata              ibigdata     000000
__Lidata                 idata        000000
__LidataBANK0            idataBANK0   000000
__LidataCOMRAM           idataCOMRAM  000000
__Lidloc                 idloc        000000
__Lifardata              ifardata     000000
__Linit                  init         000000
__Lintcode               intcode      000000
__Lintcode_body          intcode_body 000000
__Lintcodelo             intcodelo    000000
__Lintentry              intentry     000000
__Lintret                intret       000000
__Lintsave_regs          intsave_regs 000000
__Lirdata                irdata       000000
__Lmediumconst           mediumconst  007DC4
__LnvFARRAM              nvFARRAM     000000
__Lnvbit                 nvbit        000000
__Lnvrram                nvrram       000000
__Lparam                 rparam       000000
__Lpowerup               powerup      000000
__Lram                   ram          000000
__Lramtop                ramtop       000600
__Lrbit                  rbit         000000
__Lrbss                  rbss         000000
__Lrdata                 rdata        000000
__Lreset_vec             reset_vec    000000
__Lrparam                rparam       000000
__Lsfr                   sfr          000000
__Lsmallconst            smallconst   000000
__Lspace_0               (abs)        000000
__Lspace_1               (abs)        000000
__Lspace_2               (abs)        000000
__Lspace_4               (abs)        000000
__Lstack                 stack        000000
__Lstruct                struct       000000
__Ltemp                  temp         000000
__Ltext                  text         000000
__Ltext0                 text0        000000
__Ltext1                 text1        000000
__Ltext10                text10       000000
__Ltext11                text11       000000
__Ltext12                text12       000000
__Ltext13                text13       000000
__Ltext14                text14       000000
__Ltext15                text15       000000
__Ltext16                text16       000000
__Ltext17                text17       000000
__Ltext18                text18       000000
__Ltext19                text19       000000
__Ltext2                 text2        000000
__Ltext20                text20       000000
__Ltext21                text21       000000
__Ltext22                text22       000000
__Ltext23                text23       000000
__Ltext24                text24       000000
__Ltext25                text25       000000
__Ltext26                text26       000000
__Ltext27                text27       000000
__Ltext28                text28       000000
__Ltext29                text29       000000
__Ltext3                 text3        000000
__Ltext30                text30       000000
__Ltext31                text31       000000
__Ltext32                text32       000000
__Ltext33                text33       000000
__Ltext34                text34       000000
__Ltext35                text35       000000
__Ltext36                text36       000000
__Ltext37                text37       000000
__Ltext38                text38       000000
__Ltext39                text39       000000
__Ltext4                 text4        000000
__Ltext40                text40       000000
__Ltext41                text41       000000
__Ltext42                text42       000000
__Ltext43                text43       000000
__Ltext44                text44       000000
__Ltext45                text45       000000
__Ltext46                text46       000000
__Ltext47                text47       000000
__Ltext48                text48       000000
__Ltext49                text49       000000
__Ltext5                 text5        000000
__Ltext50                text50       000000
__Ltext51                text51       000000
__Ltext52                text52       000000
__Ltext53                text53       000000
__Ltext54                text54       000000
__Ltext55                text55       000000
__Ltext56                text56       000000
__Ltext57                text57       000000
__Ltext58                text58       000000
__Ltext59                text59       000000
__Ltext6                 text6        000000
__Ltext60                text60       000000
__Ltext61                text61       000000
__Ltext62                text62       000000
__Ltext63                text63       000000
__Ltext64                text64       000000
__Ltext65                text65       000000
__Ltext66                text66       000000
__Ltext67                text67       000000
__Ltext68                text68       000000
__Ltext69                text69       000000
__Ltext7                 text7        000000
__Ltext70                text70       000000
__Ltext8                 text8        000000
__Ltext9                 text9        000000
__S0                     (abs)        008000
__S1                     (abs)        0000B0
__S2                     (abs)        000000
__S4                     (abs)        000000
__S5                     (abs)        000000
___aldiv                 text9        006818
___aldiv@counter         cstackCOMRAM 000009
___aldiv@dividend        cstackCOMRAM 000001
___aldiv@divisor         cstackCOMRAM 000005
___aldiv@quotient        cstackCOMRAM 00000B
___aldiv@sign            cstackCOMRAM 00000A
___awdiv                 text41       006672
___awdiv@counter         cstackCOMRAM 000017
___awdiv@dividend        cstackCOMRAM 000013
___awdiv@divisor         cstackCOMRAM 000015
___awdiv@quotient        cstackCOMRAM 000019
___awdiv@sign            cstackCOMRAM 000018
___awmod                 text70       0063AC
___awmod@counter         cstackCOMRAM 000029
___awmod@dividend        cstackCOMRAM 000025
___awmod@divisor         cstackCOMRAM 000027
___awmod@sign            cstackCOMRAM 00002A
___inthi_sp              stack        000000
___intlo_sp              stack        000000
___lwdiv                 text47       006214
___lwdiv@counter         cstackCOMRAM 000007
___lwdiv@dividend        cstackCOMRAM 000001
___lwdiv@divisor         cstackCOMRAM 000003
___lwdiv@quotient        cstackCOMRAM 000005
___lwmod                 text38       006068
___lwmod@counter         cstackCOMRAM 00000C
___lwmod@dividend        cstackCOMRAM 000008
___lwmod@divisor         cstackCOMRAM 00000A
___param_bank            (abs)        000000
___rparam_used           (abs)        000001
___sp                    stack        000000
___wmul                  text46       00575C
___wmul@multiplicand     cstackCOMRAM 00001D
___wmul@multiplier       cstackCOMRAM 00001B
___wmul@product          cstackCOMRAM 00001F
__accesstop              (abs)        000080
__activetblptr           (abs)        000002
__end_of_Bemvindo        text48       007082
__end_of_Cronometro      text40       006A32
__end_of_Finalizando     text43       006068
__end_of_I2C_delay       text36       005678
__end_of_IMC             text50       006B4C
__end_of_LeInfo          text49       006214
__end_of_LeSerial        text67       0063AC
__end_of_Limpa           text56       0059C6
__end_of_LogoUnifei      text42       006C74
__end_of_PulseClockData  text62       005820
__end_of_PulseEnClock    text61       00584A
__end_of_Telas           text18       0072A6
__end_of_Temperatura     text17       0057F6
__end_of___aldiv         text9        006924
__end_of___awdiv         text41       006736
__end_of___awmod         text70       00645C
__end_of___lwdiv         text47       006288
__end_of___lwmod         text38       0060CC
__end_of___wmul          text46       005782
__end_of__initialization cinit        005E28
__end_of_adcInit         text16       005C44
__end_of_adcRead         text39       005D32
__end_of_atraso_ms       text69       006004
__end_of_bcd2dec         text37       005B70
__end_of_buzzer          text44       0056E4
__end_of_charKey         mediumconst  007E04
__end_of_clear_SCL       text34       005874
__end_of_clear_SDA       text29       00589E
__end_of_data            text22       007DC4
__end_of_delayMicro      text65       005676
__end_of_delayMili       text66       0058FC
__end_of_digitalRead     text33       006F14
__end_of_digitalWrite    text64       007718
__end_of_dsReadData      text23       005BFC
__end_of_i2cReadByte     text26       005D86
__end_of_i2cWriteByte    text24       005FA0
__end_of_i2c_read_bit    text30       00595E
__end_of_i2c_start       text25       005BB6
__end_of_i2c_stop        text28       0058CC
__end_of_i2c_write_bit   text27       005E8A
__end_of_kpDebounce      text15       006DAA
__end_of_kpInit          text13       005990
__end_of_kpRead          text12       005690
__end_of_lcdChar         text55       00573A
__end_of_lcdCommand      text58       00571C
__end_of_lcdInit         text10       006672
__end_of_lcdPosition     text57       005A70
__end_of_lcdString       text54       005DDC
__end_of_main            text0        0074CA
__end_of_musicas         text21       0065BE
__end_of_pinMode         text35       007966
__end_of_pulseEnablePin  text63       005B2E
__end_of_pushByte        text59       005EE4
__end_of_pushNibble      text11       0057A8
__end_of_pwmFrequency    text8        0057CE
__end_of_pwmInit         text7        0056FE
__end_of_pwmSet          text45       0061A0
__end_of_radio           mediumconst  007DFA
__end_of_radios          text20       006818
__end_of_read_SCL        text32       0059FE
__end_of_read_SDA        text31       005A36
__end_of_rgbColor        text53       00650C
__end_of_rgbInit         text6        005AEC
__end_of_semana          mediumconst  007DDA
__end_of_serial_init     text5        0056B4
__end_of_serial_rx       text68       006316
__end_of_serial_tx       text52       0056CA
__end_of_serial_tx_str   text51       005CE2
__end_of_soInit          text14       005AAE
__end_of_soWrite         text60       005C92
__end_of_timerInit       text4        005686
__end_of_timerReset      text3        00575C
__end_of_timerWait       text2        0056A0
__end_of_turnOn          text1        006134
__end_of_valor           mediumconst  007DEA
__end_of_volume          text19       005F40
__initialization         cinit        005DDC
__mediumconst            mediumconst  007DC4
__pbssCOMRAM             bssCOMRAM    000046
__pcinit                 cinit        005DDC
__pcstackCOMRAM          cstackCOMRAM 000001
__pdataBANK0             dataBANK0    000080
__pdataCOMRAM            dataCOMRAM   000077
__pidataBANK0            idataBANK0   0058FC
__pidataCOMRAM           idataCOMRAM  005679
__pmediumconst           mediumconst  007DC4
__ptext0                 text0        0072A6
__ptext1                 text1        0060CC
__ptext10                text10       0065BE
__ptext11                text11       005782
__ptext12                text12       005686
__ptext13                text13       00595E
__ptext14                text14       005A70
__ptext15                text15       006C74
__ptext16                text16       005BFC
__ptext17                text17       0057CE
__ptext18                text18       007082
__ptext19                text19       005EE4
__ptext2                 text2        005690
__ptext20                text20       006736
__ptext21                text21       00650C
__ptext22                text22       007966
__ptext23                text23       005BB6
__ptext24                text24       005F40
__ptext25                text25       005B70
__ptext26                text26       005D32
__ptext27                text27       005E32
__ptext28                text28       00589E
__ptext29                text29       005874
__ptext3                 text3        00573A
__ptext30                text30       00592C
__ptext31                text31       0059FE
__ptext32                text32       0059C6
__ptext33                text33       006DAA
__ptext34                text34       00584A
__ptext35                text35       007718
__ptext36                text36       005676
__ptext37                text37       005B2E
__ptext38                text38       006068
__ptext39                text39       005CE2
__ptext4                 text4        00567E
__ptext40                text40       006924
__ptext41                text41       006672
__ptext42                text42       006B4C
__ptext43                text43       006004
__ptext44                text44       0056CA
__ptext45                text45       006134
__ptext46                text46       00575C
__ptext47                text47       006214
__ptext48                text48       006F14
__ptext49                text49       0061A0
__ptext5                 text5        0056A0
__ptext50                text50       006A32
__ptext51                text51       005C92
__ptext52                text52       0056B4
__ptext53                text53       00645C
__ptext54                text54       005D86
__ptext55                text55       00571C
__ptext56                text56       005990
__ptext57                text57       005A36
__ptext58                text58       0056FE
__ptext59                text59       005E8A
__ptext6                 text6        005AAE
__ptext60                text60       005C44
__ptext61                text61       005820
__ptext62                text62       0057F6
__ptext63                text63       005AEC
__ptext64                text64       0074CA
__ptext65                text65       005674
__ptext66                text66       0058CC
__ptext67                text67       006316
__ptext68                text68       006288
__ptext69                text69       005FA0
__ptext7                 text7        0056E4
__ptext70                text70       0063AC
__ptext8                 text8        0057A8
__ptext9                 text9        006818
__ramtop                 ramtop       000600
__size_of_Bemvindo       (abs)        000000
__size_of_Cronometro     (abs)        000000
__size_of_Finalizando    (abs)        000000
__size_of_I2C_delay      (abs)        000000
__size_of_IMC            (abs)        000000
__size_of_LeInfo         (abs)        000000
__size_of_LeSerial       (abs)        000000
__size_of_Limpa          (abs)        000000
__size_of_LogoUnifei     (abs)        000000
__size_of_PulseClockData (abs)        000000
__size_of_PulseEnClock   (abs)        000000
__size_of_Telas          (abs)        000000
__size_of_Temperatura    (abs)        000000
__size_of___aldiv        (abs)        000000
__size_of___awdiv        (abs)        000000
__size_of___awmod        (abs)        000000
__size_of___lwdiv        (abs)        000000
__size_of___lwmod        (abs)        000000
__size_of___wmul         (abs)        000000
__size_of_adcInit        (abs)        000000
__size_of_adcRead        (abs)        000000
__size_of_atraso_ms      (abs)        000000
__size_of_bcd2dec        (abs)        000000
__size_of_buzzer         (abs)        000000
__size_of_clear_SCL      (abs)        000000
__size_of_clear_SDA      (abs)        000000
__size_of_data           (abs)        000000
__size_of_delayMicro     (abs)        000000
__size_of_delayMili      (abs)        000000
__size_of_digitalRead    (abs)        000000
__size_of_digitalWrite   (abs)        000000
__size_of_dsReadData     (abs)        000000
__size_of_i2cReadByte    (abs)        000000
__size_of_i2cWriteByte   (abs)        000000
__size_of_i2c_read_bit   (abs)        000000
__size_of_i2c_start      (abs)        000000
__size_of_i2c_stop       (abs)        000000
__size_of_i2c_write_bit  (abs)        000000
__size_of_kpDebounce     (abs)        000000
__size_of_kpInit         (abs)        000000
__size_of_kpRead         (abs)        000000
__size_of_lcdChar        (abs)        000000
__size_of_lcdCommand     (abs)        000000
__size_of_lcdInit        (abs)        000000
__size_of_lcdPosition    (abs)        000000
__size_of_lcdString      (abs)        000000
__size_of_main           (abs)        000000
__size_of_musicas        (abs)        000000
__size_of_pinMode        (abs)        000000
__size_of_pulseEnablePin (abs)        000000
__size_of_pushByte       (abs)        000000
__size_of_pushNibble     (abs)        000000
__size_of_pwmFrequency   (abs)        000000
__size_of_pwmInit        (abs)        000000
__size_of_pwmSet         (abs)        000000
__size_of_radios         (abs)        000000
__size_of_read_SCL       (abs)        000000
__size_of_read_SDA       (abs)        000000
__size_of_rgbColor       (abs)        000000
__size_of_rgbInit        (abs)        000000
__size_of_serial_init    (abs)        000000
__size_of_serial_rx      (abs)        000000
__size_of_serial_tx      (abs)        000000
__size_of_serial_tx_str  (abs)        000000
__size_of_soInit         (abs)        000000
__size_of_soWrite        (abs)        000000
__size_of_timerInit      (abs)        000000
__size_of_timerReset     (abs)        000000
__size_of_timerWait      (abs)        000000
__size_of_turnOn         (abs)        000000
__size_of_volume         (abs)        000000
__smallconst             smallconst   000000
_adcInit                 text16       005BFC
_adcRead                 text39       005CE2
_atraso_ms               text69       005FA0
_bcd2dec                 text37       005B2E
_buzzer                  text44       0056CA
_change                  dataCOMRAM   00007B
_clear_SCL               text34       00584A
_clear_SDA               text29       005874
_crono                   bssCOMRAM    000056
_data                    text22       007966
_data$1658               cstackCOMRAM 00002E
_data$1659               cstackCOMRAM 000033
_delayMicro              text65       005674
_delayMili               text66       0058CC
_digitalRead             text33       006DAA
_digitalWrite            text64       0074CA
_display                 bssCOMRAM    000050
_dsReadData              text23       005BB6
_freq                    dataCOMRAM   000079
_i2cReadByte             text26       005D32
_i2cWriteByte            text24       005F40
_i2c_read_bit            text30       00592C
_i2c_start               text25       005B70
_i2c_stop                text28       00589E
_i2c_write_bit           text27       005E32
_keys                    bssCOMRAM    00004A
_kpDebounce              text15       006C74
_kpInit                  text13       00595E
_kpRead                  text12       005686
_lcdChar                 text55       00571C
_lcdCommand              text58       0056FE
_lcdInit                 text10       0065BE
_lcdPosition             text57       005A36
_lcdString               text54       005D86
_main                    text0        0072A6
_matricula               bssCOMRAM    000057
_musica                  dataCOMRAM   00007A
_musicas                 text21       00650C
_nome                    bssCOMRAM    000067
_pinMode                 text35       007718
_pulseEnablePin          text63       005AEC
_pushByte                text59       005E8A
_pushNibble              text11       005782
_pwmFrequency            text8        0057A8
_pwmInit                 text7        0056E4
_pwmSet                  text45       006134
_radio                   mediumconst  007DEA
_radios                  text20       006736
_read_SCL                text32       0059C6
_read_SDA                text31       0059FE
_rgbColor                text53       00645C
_rgbInit                 text6        005AAE
_semana                  mediumconst  007DC5
_serial_init             text5        0056A0
_serial_rx               text68       006288
_serial_tx               text52       0056B4
_serial_tx_str           text51       005C92
_soInit                  text14       005A70
_soWrite                 text60       005C44
_som                     bssCOMRAM    000054
_started                 bssCOMRAM    000052
_tela                    bssCOMRAM    000053
_temperatura             dataCOMRAM   000077
_tempos                  bssCOMRAM    000055
_timerInit               text4        00567E
_timerReset              text3        00573A
_timerWait               text2        005690
_turnOn                  text1        0060CC
_v0                      bssCOMRAM    00004F
_v1                      bssCOMRAM    00004E
_v2                      bssCOMRAM    00004D
_v3                      bssCOMRAM    00004C
_valor                   mediumconst  007DDA
_volume                  text19       005EE4
adcRead@ADvalor          cstackCOMRAM 000003
adcRead@channel          cstackCOMRAM 000001
atraso_ms@i              cstackCOMRAM 000003
atraso_ms@j              cstackCOMRAM 000005
atraso_ms@k              cstackCOMRAM 000006
atraso_ms@num            cstackCOMRAM 000001
bcd2dec@value            cstackCOMRAM 000021
buzzer@time              cstackCOMRAM 000026
data@TempAtual           cstackCOMRAM 000031
data@i                   cstackCOMRAM 000030
delayMicro@a             cstackCOMRAM 000001
delayMili@a              cstackCOMRAM 000001
delayMili@i              cstackCOMRAM 000004
digitalRead@pin          cstackCOMRAM 000001
digitalWrite@pin         cstackCOMRAM 000001
digitalWrite@value       cstackCOMRAM 000003
dsReadData@address       cstackCOMRAM 00000E
dsReadData@result        cstackCOMRAM 000011
end_of_initialization    cinit        005E28
i2cReadByte@bit          cstackCOMRAM 00000B
i2cReadByte@byte         cstackCOMRAM 00000D
i2cReadByte@nack         cstackCOMRAM 00000A
i2cReadByte@send_stop    cstackCOMRAM 000008
i2cWriteByte@bit         cstackCOMRAM 00000B
i2cWriteByte@byte        cstackCOMRAM 000009
i2cWriteByte@send_start  cstackCOMRAM 00000A
i2cWriteByte@send_stop   cstackCOMRAM 000008
i2c_read_bit@bit         cstackCOMRAM 000007
i2c_write_bit@bit        cstackCOMRAM 000007
intlevel0                text         000000
intlevel1                text         000000
intlevel2                text         000000
intlevel3                text         000000
isa$std                  (abs)        000001
isa$xinst                (abs)        000000
kpDebounce@i             cstackCOMRAM 00000D
kpDebounce@newRead       bssCOMRAM    000048
kpDebounce@oldRead       bssCOMRAM    000046
kpDebounce@tempo         bssCOMRAM    000051
lcdChar@value            cstackCOMRAM 00000E
lcdCommand@value         cstackCOMRAM 00000E
lcdPosition@col          cstackCOMRAM 000011
lcdPosition@line         cstackCOMRAM 00000F
lcdString@i              cstackCOMRAM 000013
lcdString@msg            cstackCOMRAM 00000F
main@contador            cstackCOMRAM 000042
main@i                   cstackCOMRAM 000044
main@processos           cstackCOMRAM 000043
main@tecla               cstackCOMRAM 000045
musicas@n                cstackCOMRAM 000017
pinMode@pin              cstackCOMRAM 000001
pinMode@type             cstackCOMRAM 000003
pushByte@rs              cstackCOMRAM 00000A
pushByte@value           cstackCOMRAM 00000D
pushNibble@rs            cstackCOMRAM 00000A
pushNibble@value         cstackCOMRAM 00000C
pwmFrequency@freq        cstackCOMRAM 00000F
pwmSet@porcento          cstackCOMRAM 000023
pwmSet@val               cstackCOMRAM 000024
radios@n                 cstackCOMRAM 000017
rgbColor@led             cstackCOMRAM 000007
serial_rx@timeout        cstackCOMRAM 000007
serial_rx@to             cstackCOMRAM 000009
serial_tx@val            cstackCOMRAM 000001
serial_tx_str@i          cstackCOMRAM 000006
serial_tx_str@val        cstackCOMRAM 000002
soWrite@i                cstackCOMRAM 000009
soWrite@value            cstackCOMRAM 000007
stackhi                  (abs)        0005FF
stacklo                  (abs)        0000B0
start                    init         000000
start_initialization     cinit        005DDC
timerReset@ciclos        cstackCOMRAM 000003
timerReset@tempo         cstackCOMRAM 000001
turnOn@led               cstackCOMRAM 000007
volume@i                 cstackCOMRAM 000015
volume@valor             cstackCOMRAM 000014


MODULE INFORMATION

Module		Function		Class		Link	Load	Size
C:\Program Files\Microchip\xc8\v2.32\pic\sources\c99\common\awdiv.c
		___awdiv       		CODE           	6672	0000	196

C:\Program Files\Microchip\xc8\v2.32\pic\sources\c99\common\awdiv.c estimated size: 196

serial.c
		_serial_rx     		CODE           	6288	0000	142
		_serial_tx     		CODE           	56B4	0000	22
		_serial_init   		CODE           	56A0	0000	20
		_serial_tx_str 		CODE           	5C92	0000	80

serial.c estimated size: 264

C:\Program Files\Microchip\xc8\v2.32\pic\sources\c99\common\aldiv.c
		___aldiv       		CODE           	6818	0000	268

C:\Program Files\Microchip\xc8\v2.32\pic\sources\c99\common\aldiv.c estimated size: 268

keypad.c
		_kpInit        		CODE           	595E	0000	50
		_kpDebounce    		CODE           	6C74	0000	310
		_kpRead        		CODE           	5686	0000	10

keypad.c estimated size: 370

so.c
		_soInit        		CODE           	5A70	0000	62
		_soWrite       		CODE           	5C44	0000	78
		_PulseEnClock  		CODE           	5820	0000	42
		_PulseClockData		CODE           	57F6	0000	42

so.c estimated size: 224

io.c
		_digitalRead   		CODE           	6DAA	0000	362
		_digitalWrite  		CODE           	74CA	0000	590
		_pinMode       		CODE           	7718	0000	590

io.c estimated size: 1542

timer.c
		_timerWait     		CODE           	5690	0000	16
		_timerReset    		CODE           	573A	0000	34
		_timerInit     		CODE           	567E	0000	8

timer.c estimated size: 58

i2c.c
		_i2c_start     		CODE           	5B70	0000	70
		_i2cReadByte   		CODE           	5D32	0000	84
		_read_SCL      		CODE           	59C6	0000	56
		_I2C_delay     		CODE           	5676	0000	2
		_clear_SDA     		CODE           	5874	0000	42
		_clear_SCL     		CODE           	584A	0000	42
		_i2cWriteByte  		CODE           	5F40	0000	96
		_i2c_stop      		CODE           	589E	0000	46
		_i2c_write_bit 		CODE           	5E32	0000	88
		_i2c_read_bit  		CODE           	592C	0000	50
		_read_SDA      		CODE           	59FE	0000	56

i2c.c estimated size: 632

pwm.c
		_pwmInit       		CODE           	56E4	0000	26
		_pwmFrequency  		CODE           	57A8	0000	38
		_pwmSet        		CODE           	6134	0000	108

pwm.c estimated size: 172

C:\Program Files\Microchip\xc8\v2.32\pic\sources\c99\common\lwmod.c
		___lwmod       		CODE           	6068	0000	100

C:\Program Files\Microchip\xc8\v2.32\pic\sources\c99\common\lwmod.c estimated size: 100

ds1307.c
		_dsReadData    		CODE           	5BB6	0000	70
		_bcd2dec       		CODE           	5B2E	0000	66

ds1307.c estimated size: 136

C:\Program Files\Microchip\xc8\v2.32\pic\sources\c99\common\Umul16.c
		___wmul        		CODE           	575C	0000	38

C:\Program Files\Microchip\xc8\v2.32\pic\sources\c99\common\Umul16.c estimated size: 38

atraso.c
		_atraso_ms     		CODE           	5FA0	0000	100

atraso.c estimated size: 100

adc.c
		_adcRead       		CODE           	5CE2	0000	80
		_adcInit       		CODE           	5BFC	0000	72

adc.c estimated size: 152

rgb.c
		_rgbColor      		CODE           	645C	0000	176
		_turnOn        		CODE           	60CC	0000	104
		_rgbInit       		CODE           	5AAE	0000	62

rgb.c estimated size: 342

shared
		_valor         		MEDIUMCONST    	7DDA	0000	16
		_charKey       		MEDIUMCONST    	0000	0000	0
		__initialization		CODE           	5DDC	0000	76
		_semana        		MEDIUMCONST    	7DC5	0000	21
		_radio         		MEDIUMCONST    	7DEA	0000	16

shared estimated size: 129

C:\Program Files\Microchip\xc8\v2.32\pic\sources\c99\common\awmod.c
		___awmod       		CODE           	63AC	0000	176

C:\Program Files\Microchip\xc8\v2.32\pic\sources\c99\common\awmod.c estimated size: 176

C:\Program Files\Microchip\xc8\v2.32\pic\sources\c99\common\lwdiv.c
		___lwdiv       		CODE           	6214	0000	116

C:\Program Files\Microchip\xc8\v2.32\pic\sources\c99\common\lwdiv.c estimated size: 116

lcd.c
		_lcdCommand    		CODE           	56FE	0000	30
		_lcdChar       		CODE           	571C	0000	30
		_lcdString     		CODE           	5D86	0000	86
		_pulseEnablePin		CODE           	5AEC	0000	66
		_pushByte      		CODE           	5E8A	0000	90
		_lcdPosition   		CODE           	5A36	0000	58
		_pushNibble    		CODE           	5782	0000	38
		_lcdInit       		CODE           	65BE	0000	180
		_delayMili     		CODE           	58CC	0000	48
		_delayMicro    		CODE           	5674	0000	2

lcd.c estimated size: 628

main.c
		_Limpa         		CODE           	5990	0000	54
		_musicas       		CODE           	650C	0000	178
		_main          		CODE           	72A6	0000	548
		_radios        		CODE           	6736	0000	226
		_LeInfo        		CODE           	61A0	0000	116
		_IMC           		CODE           	6A32	0000	282
		_Bemvindo      		CODE           	6F14	0000	366
		_data          		CODE           	7966	0000	1118
		_Cronometro    		CODE           	6924	0000	270
		_LeSerial      		CODE           	6316	0000	150
		_Finalizando   		CODE           	6004	0000	100
		_Temperatura   		CODE           	57CE	0000	40
		_Telas         		CODE           	7082	0000	548
		_volume        		CODE           	5EE4	0000	92
		_LogoUnifei    		CODE           	6B4C	0000	296
		_buzzer        		CODE           	56CA	0000	26

main.c estimated size: 4410

